✔ same seed creates the same paced original course and a different seed varies targets (2.957667ms)
✔ ready waits safely and one flip immediately launches upward forward and rotating (17.439916ms)
✔ seed 31 one real opening edge cuts before danger and reaches a recoverable contact inside three seconds (33.931375ms)
✔ the first white support teaches sharp anchor and blunt bounce through two simple timing branches (15.874542ms)
✔ the opening blunt-bounce branch tolerates a broad second-tap window (23.813292ms)
✔ INPUT-EDGE-001 input emits one flip edge for a long or repeated press (0.302792ms)
✔ INPUT-BUFFER-002 a slightly early airborne tap executes when flip cooldown ends (0.727167ms)
✔ different mid-air flip timing produces a visibly different predicted landing path (8.536334ms)
✔ only sharp-edge sweep cuts and blunt-side overlap never counts (3.743834ms)
✔ sigil body-only overlap never cuts and sharp contact is separated at the hit plane (2.084208ms)
✔ blunt-side collision with a neutral support bounces and a subsequent flip saves it (1.416041ms)
✔ hard-surface recovery never launches the knife beyond the readable course speed budget (0.474625ms)
✔ released structural blocks fall with gravity, collide with the floor, and settle instead of tunneling through it (9.652ms)
✔ sharp-edge support contact anchors and one tap deliberately relaunches (0.336667ms)
✔ magenta spike and abyss emit distinct fatal reasons and events (1.767125ms)
✔ terminal one tap immediately replays the same deterministic ordinary level (0.34475ms)
✔ Level 1 teaches supported cuts before interactive stacks, hazard pressure and original finish choice (0.209084ms)
✔ CHOKE-REACTION-005 hard-column exit leaves a reaction cycle and two visible routes (0.114333ms)
✔ COURSE-NO-ORACLE-006 global-height policies pass the choke without obstacle coordinates (380.432541ms)
✔ NATURAL-CHOKE-007 low global input escapes a vertical surface without repeated no-progress rebounds (79.082625ms)
✔ NATURAL-CHOKE-008 independent input cadence does not repeat three no-progress impacts on one body (59.154208ms)
✔ a deliberately extreme high-line rhythm still reaches visible magenta pressure before ten seconds (29.29025ms)
✔ visible-state play produces its first self-attributed cut inside five seconds (1.281167ms)
✔ successive actual collectible contacts multiply each target value by the live combo (0.35825ms)
✔ TABLETOP-GRAVITY-001 supported Level 1 items rest on their surface and fall after support loss (0.274042ms)
✔ a visible-state policy finishes the ordinary route through the wider safe gate in 12-25 seconds (51.338417ms)
✔ a visible-state policy can choose the narrow rich gate and enter dense one-chance bonus (51.599458ms)
✔ finish wall contact settles a lane before the knife crosses the wall plane (0.313ms)
✔ late inputs aimed at the current safe/bonus lanes preserve both complete outcomes (116.244042ms)
✔ bonus failure returns to the same deterministic ordinary level (0.501417ms)
✔ bonus success returns to terminal summary then replays the same ordinary level (0.22575ms)
✔ 30 60 and 120 Hz render cadence converge on the same fixed-step state (4.042417ms)
✔ a 420ms low frame preserves elapsed time and converges with split frames (1.444042ms)
✔ a 1.394s main-thread stall catches up without losing simulation time (10.477333ms)
✔ ACTION-FEEL fragments inherit cut contact and settle with damping (2.053ms)
✔ CUT-SIGIL-FALL-011 cut sigil halves descend to the simulation floor and settle (3.134625ms)
✔ experience chain records cut earnings in a persistent run ledger (0.296458ms)
✔ finish reward reveal precedes terminal win and settles the selected wall lane (0.298125ms)
ℹ tests 38
ℹ suites 0
ℹ pass 38
ℹ fail 0
ℹ cancelled 0
ℹ skipped 0
ℹ todo 0
ℹ duration_ms 1300.189583
