[SYSTEM] [INFO] [2026-09-08 05:05:49,636] [test_mini_game.py-line:109] ********************* TapTap mini game automation test start *********************
[SYSTEM] [INFO] [2026-09-08 05:05:49,636] [test_mini_game.py-line:111] 172.26.205.185:10090 启动测试
[SYSTEM] [ERROR] [2026-09-08 05:05:50,256] [test_mini_game.py-line:374] ============
[SYSTEM] [ERROR] [2026-09-08 05:05:50,256] [test_mini_game.py-line:383] ping 172.26.205.185 -c 4
[SYSTEM] [ERROR] [2026-09-08 05:05:53,268] [test_mini_game.py-line:385] b'PING 172.26.205.185 (172.26.205.185) 56(84) bytes of data.\n64 bytes from 172.26.205.185: icmp_seq=1 ttl=61 time=2.74 ms\n64 bytes from 172.26.205.185: icmp_seq=2 ttl=61 time=2.91 ms\n64 bytes from 172.26.205.185: icmp_seq=3 ttl=61 time=2.81 ms\n64 bytes from 172.26.205.185: icmp_seq=4 ttl=61 time=2.90 ms\n\n--- 172.26.205.185 ping statistics ---\n4 packets transmitted, 4 received, 0% packet loss, time 3005ms\nrtt min/avg/max/mdev = 2.736/2.838/2.910/0.072 ms\n'
[SYSTEM] [ERROR] [2026-09-08 05:05:53,268] [test_mini_game.py-line:386] b''
[SYSTEM] [ERROR] [2026-09-08 05:05:53,268] [test_mini_game.py-line:387] ------------
[SYSTEM] [INFO] [2026-09-08 05:05:54,367] [test_mini_game.py-line:414] Success to connect the device!
[SYSTEM] [INFO] [2026-09-08 05:05:55,995] [device_info_reporter.py-line:17] 应用 com.taptap 已安装，versionName=2.96.10-rel#100199, versionCode=296101001
[SYSTEM] [INFO] [2026-09-08 05:05:56,214] [device_info_reporter.py-line:58] 设备信息记录成功: device_id=3B159900LUU00000 package=com.taptap actual=296101001 expected=296101000
[SYSTEM] [ERROR] [2026-09-08 05:06:34,441] [test_mini_game.py-line:181] 网络连接异常,需要开启 Wi-Fi
[SYSTEM] [ERROR] [2026-09-08 05:06:43,708] [test_mini_game.py-line:181] 网络连接异常,需要开启 Wi-Fi
[SYSTEM] [ERROR] [2026-09-08 05:06:52,973] [test_mini_game.py-line:181] 网络连接异常,需要开启 Wi-Fi
[SYSTEM] [ERROR] [2026-09-08 05:07:02,188] [test_mini_game.py-line:181] 网络连接异常,需要开启 Wi-Fi
[SYSTEM] [ERROR] [2026-09-08 05:07:11,409] [test_mini_game.py-line:181] 网络连接异常,需要开启 Wi-Fi
[SYSTEM] [INFO] [2026-09-08 05:07:32,860] [test_mini_game.py-line:165] 已登录
[SYSTEM] [INFO] [2026-09-08 05:07:32,860] [test_mini_game.py-line:166] login_success
[SYSTEM] [INFO] [2026-09-08 05:07:34,895] [test_mini_game.py-line:481] 疯狂切割 测试开始
[SYSTEM] [INFO] [2026-09-08 05:07:35,046] [base.py-line:52] 未找到Activity com.taptap.instantgame.container.InstantGameActivity，将在1秒后重试 (1/3)
[SYSTEM] [INFO] [2026-09-08 05:07:36,162] [base.py-line:52] 未找到Activity com.taptap.instantgame.container.InstantGameActivity，将在1秒后重试 (2/3)
[SYSTEM] [INFO] [2026-09-08 05:07:39,426] [base.py-line:52] 未找到Activity com.taptap.instantgame.container.InstantGameActivity，将在1秒后重试 (1/3)
[SYSTEM] [INFO] [2026-09-08 05:07:40,556] [base.py-line:52] 未找到Activity com.taptap.instantgame.container.InstantGameActivity，将在1秒后重试 (2/3)
[SYSTEM] [INFO] [2026-09-08 05:07:43,820] [base.py-line:52] 未找到Activity com.taptap.instantgame.container.InstantGameActivity，将在1秒后重试 (1/3)
[SYSTEM] [INFO] [2026-09-08 05:07:44,934] [base.py-line:52] 未找到Activity com.taptap.instantgame.container.InstantGameActivity，将在1秒后重试 (2/3)
[SYSTEM] [INFO] [2026-09-08 05:07:48,208] [base.py-line:52] 未找到Activity com.taptap.instantgame.container.InstantGameActivity，将在1秒后重试 (1/3)
[SYSTEM] [INFO] [2026-09-08 05:07:49,319] [base.py-line:52] 未找到Activity com.taptap.instantgame.container.InstantGameActivity，将在1秒后重试 (2/3)
[SYSTEM] [INFO] [2026-09-08 05:07:52,560] [base.py-line:52] 未找到Activity com.taptap.instantgame.container.InstantGameActivity，将在1秒后重试 (1/3)
[SYSTEM] [INFO] [2026-09-08 05:07:53,661] [base.py-line:52] 未找到Activity com.taptap.instantgame.container.InstantGameActivity，将在1秒后重试 (2/3)
[SYSTEM] [INFO] [2026-09-08 05:07:56,908] [base.py-line:52] 未找到Activity com.taptap.instantgame.container.InstantGameActivity，将在1秒后重试 (1/3)
[SYSTEM] [INFO] [2026-09-08 05:07:58,024] [base.py-line:52] 未找到Activity com.taptap.instantgame.container.InstantGameActivity，将在1秒后重试 (2/3)
[SYSTEM] [INFO] [2026-09-08 05:08:01,249] [base.py-line:52] 未找到Activity com.taptap.instantgame.container.InstantGameActivity，将在1秒后重试 (1/3)
[SYSTEM] [INFO] [2026-09-08 05:08:02,371] [base.py-line:52] 未找到Activity com.taptap.instantgame.container.InstantGameActivity，将在1秒后重试 (2/3)
[SYSTEM] [INFO] [2026-09-08 05:08:05,639] [base.py-line:52] 未找到Activity com.taptap.instantgame.container.InstantGameActivity，将在1秒后重试 (1/3)
[SYSTEM] [INFO] [2026-09-08 05:08:06,750] [base.py-line:52] 未找到Activity com.taptap.instantgame.container.InstantGameActivity，将在1秒后重试 (2/3)
[SYSTEM] [INFO] [2026-09-08 05:08:10,033] [base.py-line:52] 未找到Activity com.taptap.instantgame.container.InstantGameActivity，将在1秒后重试 (1/3)
[SYSTEM] [INFO] [2026-09-08 05:08:11,150] [base.py-line:52] 未找到Activity com.taptap.instantgame.container.InstantGameActivity，将在1秒后重试 (2/3)
[SYSTEM] [INFO] [2026-09-08 05:08:14,397] [base.py-line:52] 未找到Activity com.taptap.instantgame.container.InstantGameActivity，将在1秒后重试 (1/3)
[SYSTEM] [INFO] [2026-09-08 05:08:15,527] [base.py-line:52] 未找到Activity com.taptap.instantgame.container.InstantGameActivity，将在1秒后重试 (2/3)
[SYSTEM] [INFO] [2026-09-08 05:08:18,766] [base.py-line:52] 未找到Activity com.taptap.instantgame.container.InstantGameActivity，将在1秒后重试 (1/3)
[SYSTEM] [INFO] [2026-09-08 05:08:19,896] [base.py-line:52] 未找到Activity com.taptap.instantgame.container.InstantGameActivity，将在1秒后重试 (2/3)
[SYSTEM] [INFO] [2026-09-08 05:08:23,155] [base.py-line:52] 未找到Activity com.taptap.instantgame.container.InstantGameActivity，将在1秒后重试 (1/3)
[SYSTEM] [INFO] [2026-09-08 05:08:24,289] [base.py-line:52] 未找到Activity com.taptap.instantgame.container.InstantGameActivity，将在1秒后重试 (2/3)
[SYSTEM] [INFO] [2026-09-08 05:08:27,551] [base.py-line:52] 未找到Activity com.taptap.instantgame.container.InstantGameActivity，将在1秒后重试 (1/3)
[SYSTEM] [INFO] [2026-09-08 05:08:28,684] [base.py-line:52] 未找到Activity com.taptap.instantgame.container.InstantGameActivity，将在1秒后重试 (2/3)
[SYSTEM] [INFO] [2026-09-08 05:08:31,956] [base.py-line:52] 未找到Activity com.taptap.instantgame.container.InstantGameActivity，将在1秒后重试 (1/3)
[SYSTEM] [INFO] [2026-09-08 05:08:33,069] [base.py-line:52] 未找到Activity com.taptap.instantgame.container.InstantGameActivity，将在1秒后重试 (2/3)
[SYSTEM] [INFO] [2026-09-08 05:08:36,294] [base.py-line:52] 未找到Activity com.taptap.instantgame.container.InstantGameActivity，将在1秒后重试 (1/3)
[SYSTEM] [INFO] [2026-09-08 05:08:37,440] [base.py-line:52] 未找到Activity com.taptap.instantgame.container.InstantGameActivity，将在1秒后重试 (2/3)
[SYSTEM] [ERROR] [2026-09-08 05:08:39,912] [main.py-line:66] minigame_activity_not_exists
[SYSTEM] [INFO] [2026-09-08 05:08:40,236] [utils.py-line:954] 已创建新的auto_test.json文件: /app/3B159900LUU00000/autotest.json
[SYSTEM] [INFO] [2026-09-08 05:08:40,236] [main.py-line:132] 正在截取最后一张设备屏幕: /app/3B159900LUU00000/test_over.jpg
[SYSTEM] [INFO] [2026-09-08 05:08:40,489] [main.py-line:134] 成功保存最后一张设备屏幕截图
[SYSTEM] [INFO] [2026-09-08 05:08:40,590] [main.py-line:144] script end
