✔ finish labels clamp back inside the safe viewport without drifting off their target wall (0.386166ms)
✔ L1-OPENING-TABLE-BRANCH opening-table-a joins its underside to the actual floor (2.539834ms)
✔ L1-OPENING-TABLE-BRANCH opening-table-b joins its underside to the actual floor (0.387333ms)
✔ L1-OPENING-TABLE-BRANCH level1-reward-shelf joins its underside to the actual floor (0.324333ms)
✔ L1-OPENING-TABLE-BRANCH bridge-table joins its underside to the actual floor (0.341334ms)
✔ L1-OPENING-TABLE-BRANCH lift-table joins its underside to the actual floor (0.298542ms)
✔ L1-OPENING-TABLE-BRANCH tower-table joins its underside to the actual floor (0.328583ms)
✔ L1-OPENING-TABLE-BRANCH late-table joins its underside to the actual floor (0.285625ms)
✔ L1-OPENING-TABLE-BRANCH white-bumper joins its underside to the actual floor (0.284958ms)
✔ L1-OPENING-TABLE-BRANCH white-branch joins its underside to the actual floor (0.297416ms)
✔ L1-FIRST-TARGET-VISIBILITY rune-1 intact submits triangles at 390x844 (9.918042ms)
✔ L1-FIRST-TARGET-VISIBILITY rune-1 intact submits triangles at 1100x720 (2.1515ms)
ℹ tests 12
ℹ suites 0
ℹ pass 12
ℹ fail 0
ℹ cancelled 0
ℹ skipped 0
ℹ todo 0
ℹ duration_ms 290.865458
