[SYSTEM] [INFO] [2026-09-08 08:58:43,296] [test_mini_game.py-line:109] ********************* TapTap mini game automation test start *********************
[SYSTEM] [INFO] [2026-09-08 08:58:43,296] [test_mini_game.py-line:111] 172.26.204.201:10101 启动测试
[SYSTEM] [ERROR] [2026-09-08 08:58:43,935] [test_mini_game.py-line:374] ============
[SYSTEM] [ERROR] [2026-09-08 08:58:43,935] [test_mini_game.py-line:383] ping 172.26.204.201 -c 4
[SYSTEM] [ERROR] [2026-09-08 08:58:46,945] [test_mini_game.py-line:385] b'PING 172.26.204.201 (172.26.204.201) 56(84) bytes of data.\n64 bytes from 172.26.204.201: icmp_seq=1 ttl=61 time=2.90 ms\n64 bytes from 172.26.204.201: icmp_seq=2 ttl=61 time=2.99 ms\n64 bytes from 172.26.204.201: icmp_seq=3 ttl=61 time=2.77 ms\n64 bytes from 172.26.204.201: icmp_seq=4 ttl=61 time=3.00 ms\n\n--- 172.26.204.201 ping statistics ---\n4 packets transmitted, 4 received, 0% packet loss, time 3003ms\nrtt min/avg/max/mdev = 2.766/2.912/2.996/0.093 ms\n'
[SYSTEM] [ERROR] [2026-09-08 08:58:46,945] [test_mini_game.py-line:386] b''
[SYSTEM] [ERROR] [2026-09-08 08:58:46,945] [test_mini_game.py-line:387] ------------
[SYSTEM] [INFO] [2026-09-08 08:58:47,192] [test_mini_game.py-line:414] Success to connect the device!
[SYSTEM] [INFO] [2026-09-08 08:58:48,911] [device_info_reporter.py-line:17] 应用 com.taptap 已安装，versionName=2.96.10-rel#100199, versionCode=296101001
[SYSTEM] [INFO] [2026-09-08 08:58:49,229] [device_info_reporter.py-line:58] 设备信息记录成功: device_id=320114964930 package=com.taptap actual=296101001 expected=296101000
[SYSTEM] [ERROR] [2026-09-08 08:59:27,481] [test_mini_game.py-line:181] 网络连接异常,需要开启 Wi-Fi
[SYSTEM] [ERROR] [2026-09-08 08:59:36,670] [test_mini_game.py-line:181] 网络连接异常,需要开启 Wi-Fi
[SYSTEM] [ERROR] [2026-09-08 08:59:45,902] [test_mini_game.py-line:181] 网络连接异常,需要开启 Wi-Fi
[SYSTEM] [ERROR] [2026-09-08 08:59:55,168] [test_mini_game.py-line:181] 网络连接异常,需要开启 Wi-Fi
[SYSTEM] [ERROR] [2026-09-08 09:00:04,389] [test_mini_game.py-line:181] 网络连接异常,需要开启 Wi-Fi
[SYSTEM] [INFO] [2026-09-08 09:00:25,840] [test_mini_game.py-line:165] 已登录
[SYSTEM] [INFO] [2026-09-08 09:00:25,840] [test_mini_game.py-line:166] login_success
[SYSTEM] [INFO] [2026-09-08 09:00:28,005] [test_mini_game.py-line:481] 疯狂切割 测试开始
[SYSTEM] [INFO] [2026-09-08 09:00:28,159] [base.py-line:52] 未找到Activity com.taptap.instantgame.container.InstantGameActivity，将在1秒后重试 (1/3)
[SYSTEM] [INFO] [2026-09-08 09:00:29,273] [base.py-line:52] 未找到Activity com.taptap.instantgame.container.InstantGameActivity，将在1秒后重试 (2/3)
[SYSTEM] [INFO] [2026-09-08 09:00:32,553] [base.py-line:52] 未找到Activity com.taptap.instantgame.container.InstantGameActivity，将在1秒后重试 (1/3)
[SYSTEM] [INFO] [2026-09-08 09:00:33,689] [base.py-line:52] 未找到Activity com.taptap.instantgame.container.InstantGameActivity，将在1秒后重试 (2/3)
[SYSTEM] [INFO] [2026-09-08 09:00:36,956] [base.py-line:52] 未找到Activity com.taptap.instantgame.container.InstantGameActivity，将在1秒后重试 (1/3)
[SYSTEM] [INFO] [2026-09-08 09:00:38,076] [base.py-line:52] 未找到Activity com.taptap.instantgame.container.InstantGameActivity，将在1秒后重试 (2/3)
[SYSTEM] [INFO] [2026-09-08 09:00:41,301] [base.py-line:52] 未找到Activity com.taptap.instantgame.container.InstantGameActivity，将在1秒后重试 (1/3)
[SYSTEM] [INFO] [2026-09-08 09:00:42,426] [base.py-line:52] 未找到Activity com.taptap.instantgame.container.InstantGameActivity，将在1秒后重试 (2/3)
[SYSTEM] [INFO] [2026-09-08 09:00:45,739] [base.py-line:52] 未找到Activity com.taptap.instantgame.container.InstantGameActivity，将在1秒后重试 (1/3)
[SYSTEM] [INFO] [2026-09-08 09:00:46,891] [base.py-line:52] 未找到Activity com.taptap.instantgame.container.InstantGameActivity，将在1秒后重试 (2/3)
[SYSTEM] [INFO] [2026-09-08 09:00:50,202] [base.py-line:52] 未找到Activity com.taptap.instantgame.container.InstantGameActivity，将在1秒后重试 (1/3)
[SYSTEM] [INFO] [2026-09-08 09:00:51,348] [base.py-line:52] 未找到Activity com.taptap.instantgame.container.InstantGameActivity，将在1秒后重试 (2/3)
[SYSTEM] [INFO] [2026-09-08 09:00:54,666] [base.py-line:52] 未找到Activity com.taptap.instantgame.container.InstantGameActivity，将在1秒后重试 (1/3)
[SYSTEM] [INFO] [2026-09-08 09:00:55,790] [base.py-line:52] 未找到Activity com.taptap.instantgame.container.InstantGameActivity，将在1秒后重试 (2/3)
[SYSTEM] [INFO] [2026-09-08 09:00:59,083] [base.py-line:52] 未找到Activity com.taptap.instantgame.container.InstantGameActivity，将在1秒后重试 (1/3)
[SYSTEM] [INFO] [2026-09-08 09:01:00,203] [base.py-line:52] 未找到Activity com.taptap.instantgame.container.InstantGameActivity，将在1秒后重试 (2/3)
[SYSTEM] [INFO] [2026-09-08 09:01:03,516] [base.py-line:52] 未找到Activity com.taptap.instantgame.container.InstantGameActivity，将在1秒后重试 (1/3)
[SYSTEM] [INFO] [2026-09-08 09:01:04,681] [base.py-line:52] 未找到Activity com.taptap.instantgame.container.InstantGameActivity，将在1秒后重试 (2/3)
[SYSTEM] [INFO] [2026-09-08 09:01:08,011] [base.py-line:52] 未找到Activity com.taptap.instantgame.container.InstantGameActivity，将在1秒后重试 (1/3)
[SYSTEM] [INFO] [2026-09-08 09:01:09,149] [base.py-line:52] 未找到Activity com.taptap.instantgame.container.InstantGameActivity，将在1秒后重试 (2/3)
[SYSTEM] [INFO] [2026-09-08 09:01:12,428] [base.py-line:52] 未找到Activity com.taptap.instantgame.container.InstantGameActivity，将在1秒后重试 (1/3)
[SYSTEM] [INFO] [2026-09-08 09:01:13,578] [base.py-line:52] 未找到Activity com.taptap.instantgame.container.InstantGameActivity，将在1秒后重试 (2/3)
[SYSTEM] [INFO] [2026-09-08 09:01:16,875] [base.py-line:52] 未找到Activity com.taptap.instantgame.container.InstantGameActivity，将在1秒后重试 (1/3)
[SYSTEM] [INFO] [2026-09-08 09:01:18,005] [base.py-line:52] 未找到Activity com.taptap.instantgame.container.InstantGameActivity，将在1秒后重试 (2/3)
[SYSTEM] [INFO] [2026-09-08 09:01:21,323] [base.py-line:52] 未找到Activity com.taptap.instantgame.container.InstantGameActivity，将在1秒后重试 (1/3)
[SYSTEM] [INFO] [2026-09-08 09:01:22,461] [base.py-line:52] 未找到Activity com.taptap.instantgame.container.InstantGameActivity，将在1秒后重试 (2/3)
[SYSTEM] [INFO] [2026-09-08 09:01:25,773] [base.py-line:52] 未找到Activity com.taptap.instantgame.container.InstantGameActivity，将在1秒后重试 (1/3)
[SYSTEM] [INFO] [2026-09-08 09:01:26,940] [base.py-line:52] 未找到Activity com.taptap.instantgame.container.InstantGameActivity，将在1秒后重试 (2/3)
[SYSTEM] [ERROR] [2026-09-08 09:01:28,998] [main.py-line:66] minigame_activity_not_exists
[SYSTEM] [INFO] [2026-09-08 09:01:29,394] [utils.py-line:954] 已创建新的auto_test.json文件: /app/320114964930/autotest.json
[SYSTEM] [INFO] [2026-09-08 09:01:29,394] [main.py-line:132] 正在截取最后一张设备屏幕: /app/320114964930/test_over.jpg
[SYSTEM] [INFO] [2026-09-08 09:01:29,664] [main.py-line:134] 成功保存最后一张设备屏幕截图
[SYSTEM] [INFO] [2026-09-08 09:01:29,768] [main.py-line:144] script end
