$ tsx --test tests/*.test.ts
✔ A-BASECOLOR-001 four original A-direction PNG atlases are square, mobile-budgeted and unique (19.087833ms)
✔ A-BASECOLOR-002 strict production manifest maps the four atlases to real UV quadrants (108.386417ms)
✔ ASSET-MANIFEST-001 validates and hashes every approved local Kenney Food Kit asset (8.034041ms)
✔ build is a self-contained single-canvas Three.js playable page (59.197333ms)
✔ 3D-MAIN-RELEASE-008 emits one parseable literal inline module without HTML injected into JavaScript (45.339542ms)
✔ CORE-DECISION-001 early levels expose three distinct authored decision beats (0.498458ms)
✔ CORE-CUT-ROUTE-002 cutting authored route blocks changes support reachability (0.997625ms)
✔ CORE-FINISH-004 route preparation is carried into finish selection (0.176834ms)
✔ 3D POC build contains the local scene, renderer bridge and pinned GLB assets (14.958375ms)
✔ diorama skin is original, mobile-budgeted and covers every visible surface family (0.952167ms)
✔ A-BASECOLOR-POC-004 the UV cut POC consumes the same formal bitmap atlases instead of procedural target textures (13.498125ms)
✔ selected curved blade and feedback profile read as a fast sharp cut (0.37075ms)
✔ quantizes arbitrary cuts into eight stable directions (0.1665ms)
✔ every supported target creates two capped pieces that separate in depth (0.238291ms)
✔ cut halves launch outward, leave the platform edges and settle on the ground (1.214667ms)
✔ cut direction and contact point shape each half trajectory and spin (0.196041ms)
✔ falling-piece presentation preserves the authored cut twist at impact (0.124542ms)
✔ cut halves have a readable weighted arc instead of an explosive sideways launch (0.100209ms)
✔ falling-piece integration is fixed-step and matches explicit 60 Hz stepping (0.228583ms)
✔ oblique orthographic camera exposes thickness and the cut cap (0.092375ms)
✔ online Kenney GLB assets and bundled license remain hash pinned (13.638167ms)
✔ selected online sword and local Three.js Draco decoder remain hash pinned (6.6485ms)
✔ 3D POC page declares the isolated cut-cross-section entrypoint (2.188292ms)
✔ one action cuts and the next action advances through all three targets (0.287458ms)
✔ FOOD-THEME-RED-001 locks level families to one food theme without cross-theme mixing (0.972042ms)
✔ FOOD-THEME-RED-002 runtime course carries authored style ids to every cuttable object (0.754292ms)
✔ FOOD-THEME-RED-003 authored lengths increase world distance, not only timer labels (0.102416ms)
✔ FOOD-THEME-RED-004 dessert presentation uses a cake-slice profile, not circular sigil geometry (35.932958ms)
✔ bonus hard surfaces occupy reachable mid-lane windows (1.075708ms)
✔ ordinary hard surfaces register a deliberate near-edge body contact (1.395417ms)
✔ COURSE-STAGE-001 three original stages are contiguous and rise from teach to test (0.769166ms)
✔ COURSE-STAGE-002 runtime course segments are derived from the independent blueprint (0.483834ms)
✔ TRACE-001 every locked mechanic points to executable regression evidence (25.745291ms)
✔ FEEDBACK-TIMING-001 timing baseline is responsive and ordered for one-touch play (0.15425ms)
✔ same seed creates the same paced original course and a different seed varies targets (1.591917ms)
✔ ready waits safely and one flip immediately launches upward forward and rotating (5.530666ms)
✔ seed 31 one real opening edge cuts before danger and reaches a recoverable contact inside three seconds (23.523542ms)
✔ the first white support teaches sharp anchor and blunt bounce through two simple timing branches (48.474ms)
✔ the opening blunt-bounce branch tolerates a broad second-tap window (35.153375ms)
✔ INPUT-EDGE-001 input emits one flip edge for a long or repeated press (0.116917ms)
✔ INPUT-BUFFER-002 a slightly early airborne tap executes when flip cooldown ends (6.43775ms)
✔ different mid-air flip timing produces a visibly different predicted landing path (13.606ms)
✔ only sharp-edge sweep cuts and blunt-side overlap never counts (4.33925ms)
✔ sigil body-only overlap never cuts and sharp contact is separated at the hit plane (0.384083ms)
✔ blunt-side collision with a neutral support bounces and a subsequent flip saves it (2.144208ms)
✔ hard-surface recovery never launches the knife beyond the readable course speed budget (0.446333ms)
✔ released structural blocks fall with gravity, collide with the floor, and settle instead of tunneling through it (14.084458ms)
✔ sharp-edge support contact anchors and one tap deliberately relaunches (0.243ms)
✔ magenta spike and abyss emit distinct fatal reasons and events (0.303625ms)
✔ terminal one tap immediately replays the same deterministic ordinary level (0.150459ms)
✔ Level 1 teaches supported cuts before interactive stacks, hazard pressure and original finish choice (0.159583ms)
✔ CHOKE-REACTION-005 hard-column exit leaves a reaction cycle and two visible routes (0.283459ms)
✔ COURSE-NO-ORACLE-006 global-height policies pass the choke without obstacle coordinates (346.897875ms)
✔ NATURAL-CHOKE-007 low global input escapes a vertical surface without repeated no-progress rebounds (40.943458ms)
✔ NATURAL-CHOKE-008 independent input cadence does not repeat three no-progress impacts on one body (38.865167ms)
✔ a deliberately extreme high-line rhythm still reaches visible magenta pressure before ten seconds (15.044625ms)
✔ visible-state play produces its first self-attributed cut inside five seconds (0.822833ms)
✔ successive actual collectible contacts multiply each target value by the live combo (0.299875ms)
✔ TABLETOP-GRAVITY-001 supported Level 1 items rest on their surface and fall after support loss (0.273417ms)
✔ a visible-state policy finishes the ordinary route through the wider safe gate in 12-25 seconds (40.198167ms)
✔ a visible-state policy can choose the narrow rich gate and enter dense one-chance bonus (42.004625ms)
✔ finish wall contact settles a lane before the knife crosses the wall plane (0.290459ms)
✔ late inputs aimed at the current safe/bonus lanes preserve both complete outcomes (90.342167ms)
✔ bonus failure returns to the same deterministic ordinary level (0.294292ms)
✔ bonus success returns to terminal summary then replays the same ordinary level (0.207875ms)
✔ 30 60 and 120 Hz render cadence converge on the same fixed-step state (3.278958ms)
✔ a 420ms low frame preserves elapsed time and converges with split frames (1.263792ms)
✔ a 1.394s main-thread stall catches up without losing simulation time (9.145834ms)
✔ ACTION-FEEL fragments inherit cut contact and settle with damping (1.906625ms)
✔ CUT-SIGIL-FALL-011 cut sigil halves descend to the simulation floor and settle (1.915667ms)
✔ experience chain records cut earnings in a persistent run ledger (0.1685ms)
✔ finish reward reveal precedes terminal win and settles the selected wall lane (0.261709ms)
✔ LEVEL-CATALOG-RED-001 catalog strictly validates twelve sequential original levels (44.14875ms)
✔ LEVEL-CATALOG-RED-002 every level has a distinct authored relationship and a completable structural path (0.371083ms)
✔ LEVEL-CATALOG-RED-003 recommended progression maps teach, movement, chains and synthesis to 1-3, 4-6, 7-9 and 10-12 (0.126709ms)
✔ LEVEL-CATALOG-RED-004 courses are deterministic per seed and level while Level 1 preserves the accepted demo fixtures (0.576334ms)
✔ LEVEL-CATALOG-RED-006 Level 1 presents an original vertical cut-chain with a readable side reward beat (0.103333ms)
✔ LEVEL-CATALOG-RED-007 Level 1 preserves teaching targets then real stacked support interactions (0.1645ms)
✔ LEVEL-CATALOG-RED-008 Level 1 tabletop items are supported and include intentional overlap (0.190708ms)
✔ LEVEL-CATALOG-RED-009 Level 1 presentation contract has a bright runway and fruit-like target cadence (0.071834ms)
✔ LEVEL-CATALOG-RED-010 Level 1 tabletop bases terminate at the shared ground plane (0.091833ms)
✔ LEVEL-CATALOG-RED-005 same seed and input produce the same core trace across theme replacement (40.882417ms)
✔ later levels make hazards move while early levels keep a readable fixed hazard (0.110958ms)
✔ later levels expose moving hard blocks with increasing density (0.848292ms)
✔ every moving object has an authored interaction meaning and reachable route role (0.144667ms)
✔ course beats and finish rewards vary across archetypes (0.132166ms)
✔ bonus availability is deterministic for the same level and seed (0.151833ms)
✔ finish rewards form a contiguous multiplier wall with a broad x0.5 recovery lane (0.097083ms)
✔ level 4 keeps a recoverable finish landing window after moving-hard pressure (0.068583ms)
✔ level 1 keeps a broad mid-course recovery shelf for the default natural route (0.067459ms)
✔ LEVEL-PROGRESS-RED-001 completion unlocks only the next level and records neutral best results (8.316375ms)
✔ LEVEL-PROGRESS-RED-002 locked selection is refused, next level is ordered, and replay keeps the same level (1.66825ms)
✔ LEVEL-PROGRESS-RED-003 version 1 save migrates, clamps bounds and rejects corrupt or future data (1.090333ms)
✔ LEVEL-PROGRESS-RED-004 refresh restores highest unlocked level without cross-level failure leakage (1.948792ms)
✔ LEVEL-PROGRESS-005 all twelve levels enter, complete, replay deterministically and unlock in order (1.145875ms)
✔ LEVEL-PROGRESS-006 bonus entry is an explicit one-shot transition (10.31575ms)
✔ LEVEL-PROGRESS-007 bonus course has multiplier settlement and a capped chain gate (0.260625ms)
✔ LEVEL-PROGRESS-008 bonus high columns are active reachable hard supports (1.169042ms)
✔ LEVEL-UI-RED-001 placeholder shell exposes numbered selector, replay and next controls without final art decisions (6.619917ms)
✔ LEVEL-UI-RED-002 Level 1 guidance stages the observed tutorial beats without copying reference wording (0.233958ms)
✔ L1-STACK a: actual knife contact cuts the bearing object and releases the overlapping upper object (6.7545ms)
✔ L1-STACK b: actual knife contact cuts the bearing object and releases the overlapping upper object (4.109042ms)
✔ L1-GRAVITY active airborne play does not freeze a hovering supported collectible (1.419125ms)
✔ L1-PLACEMENT every initial collectible has a touching support, including the late and bridge targets (0.274042ms)
✔ L1-FINISH labels use viewport coordinates without a second offset (0.370417ms)
✔ L1-FINISH all band corners fit the safe viewport on approach at 390x844 (1.075958ms)
✔ L1-FINISH all band corners fit the safe viewport on approach at 1100x720 (14.676709ms)
✔ Level 10 falling-risk spike stays on the low route and leaves the high line readable (0.398792ms)
✔ Level 12 floor-risk spike stays below the main route and leaves a readable upper escape (0.491ms)
✔ Level 12 authors a final recovery shelf before the finish gate (0.0995ms)
✔ Level 04 authors a safe recovery support before l4-gap-risk (0.561667ms)
✔ Level 04 keeps the spike window narrow enough to leave a visible high-line escape (0.083541ms)
✔ Level 04 authors an early recovery shelf before the moving ferry (0.072084ms)
✔ Level 10 falling-risk spike starts after the tower exit decision window (2.851083ms)
✔ Level 04 keeps a final recovery shelf under the finish approach (3.967333ms)
✔ Level 04 finish recovery keeps a late low miss from failing before gate settlement (10.04975ms)
✔ Level 04 safe-height policy avoids l4-gap-risk and reaches terminal win (123.092292ms)
✔ Level 04 risk-height policy keeps l4-gap-risk as a readable avoidable hazard (9.003292ms)
✔ CONTACT-001 classifies tip, edge, body and handle as four deterministic knife parts (0.628333ms)
✔ CONTACT-002 only tip or edge contact cuts a rectangular target and it scores once (11.01325ms)
✔ MOV-001 moving support positions are seeded, bounded and frame-split deterministic (3.415625ms)
✔ MOV-002 MOV-003 an anchored knife rides a moving support and inherits its velocity at launch (2.489917ms)
✔ HARD-IDENTITY-001 course has no dedicated rebound identity (0.171542ms)
✔ HARD-REFLECT-002 ordinary static, vertical, moving and block surfaces share incident reflection (1.923792ms)
✔ HARD-SEPARATING-003 separating overlap only depenetrates without minimum-speed injection (0.309958ms)
✔ SHARP-STABLE-004 sharp semantics stay stable after a generic hard-surface bounce (23.860833ms)
✔ CUT-001 CUT-002 course exposes above, side and below rectangular cuts with no invisible post-cut collider (1.487333ms)
✔ CUT-003 a high-speed sharp sweep cuts the same block at 30 and 120 Hz (16.392792ms)
✔ STRUCT-001 STRUCT-002 cutting the middle tower segment opens a gap, drops dependants and separates two fragments (4.288042ms)
✔ DUAL-001 DUAL-002 a dual-role block supports before cutting and its landing face disappears after cutting (0.232125ms)
✔ DUAL-001-PRECUT-SUPPORT-NOT-REPRODUCIBLE real input has stable support and cut branches (20.68875ms)
✔ FINISH-001 FINISH-002 math operations are integer-safe and deterministic (0.249042ms)
✔ FINISH-003 course has two original multipliers and one divisor, and a gate settles only once (0.841583ms)
✔ BONUS-001 BONUS-002 bonus availability is seeded and one-chance terminal restart preserves the level seed (8.812458ms)
✔ COURSE-001 COURSE-002 COURSE-003 route data covers three spatial cuts, both moving axes, hard terrain, collapse, spike and gaps (0.525792ms)
✔ FAIL-001 FAIL-002 fall and spike are distinct and restart restores motion phase, structure, fragments and score (1.046125ms)
✔ FIXED-001 moving supports, collision events, fragments and collapse converge across frame cadences and a long frame (15.376416ms)
✔ L1-OPENING-TABLE-BRANCH opening-table-a joins its underside to the actual floor (2.883875ms)
✔ L1-OPENING-TABLE-BRANCH opening-table-b joins its underside to the actual floor (0.429333ms)
✔ L1-OPENING-TABLE-BRANCH level1-reward-shelf joins its underside to the actual floor (0.339167ms)
✔ L1-OPENING-TABLE-BRANCH bridge-table joins its underside to the actual floor (0.363542ms)
✔ L1-OPENING-TABLE-BRANCH lift-table joins its underside to the actual floor (0.318917ms)
✔ L1-OPENING-TABLE-BRANCH tower-table joins its underside to the actual floor (0.333958ms)
✔ L1-OPENING-TABLE-BRANCH late-table joins its underside to the actual floor (0.459125ms)
✔ L1-FIRST-TARGET-VISIBILITY rune-1 intact submits triangles at 390x844 (10.30275ms)
✔ L1-FIRST-TARGET-VISIBILITY rune-1 intact submits triangles at 1100x720 (2.913958ms)
✔ level 3 interactive objects declare reachable route roles and decision impact (0.515417ms)
✔ level 3 low-risk spike is explicit decorative art when not a fair hazard (0.087667ms)
✔ level 3 has no decorative spike rendered as a gameplay hazard (0.058667ms)
✔ all authored spikes carry explicit pressure semantics (0.083334ms)
✔ all twelve levels place hard objects inside a declared reachable decision corridor (0.197ms)
✔ all authored white supports are floor-valid, route-reachable, and player-effective (2.594ms)
✔ perceptual pressure HUD exposes authored family, moving-hard warning and finish reward (0.490125ms)
✔ perceptual delta requires a distinct earnings hierarchy and finish-phase presentation hooks (1.58225ms)
✔ competitive feel keeps five cut feedback layers and finish wall as visual lead (0.178125ms)
✔ terminal settlement keeps the selected finish wall visible beside the overlay (0.211041ms)
✔ finish wall labels are projected onto the world wall instead of detached HUD rail (0.162333ms)
✔ cut rewards fly from the world object before global settlement (0.075083ms)
✔ food theme is player-visible and follows the current level (0.081958ms)
✔ A-KNIFE-UV-006 a single-material blade GLB routes its declared long-axis end to the handle atlas (0.488875ms)
✔ later authored spikes sit in the declared route pressure corridor (0.588292ms)
✔ fundamentals spikes retain their accepted teaching semantics (0.103417ms)
✔ bonus and safe finish gates do not overlap in the bonus-enabled levels (0.122875ms)
✔ finish recovery shelves stay below the selectable reward lanes (0.102083ms)
✔ grounded supports terminate at the simulation floor instead of intersecting it (0.100833ms)
✔ moving route spikes keep their motion inside a readable timing band (0.072833ms)
✔ THEME-BOUNDARY-001 mechanics demo theme is explicitly temporary and contains no gameplay rules (0.880041ms)
✔ THEME-ASSET-002 placeholder asset manifest is original, local and externally swappable (0.497041ms)
✔ THEME-ZOD-004 production schemas strictly parse the theme and asset manifest (0.988584ms)
✔ THEME-INTEGRATION-003 UI and Three.js presentation consume the single theme entrypoint (5.674625ms)
✔ A-STYLE-WORLD-005 presentation tokens provide a bright sky and green outdoor ground behind the A atlases (0.187125ms)
✔ 3D-MAIN-RESOURCE-001 declares only original programmatic runtime resources (0.943584ms)
✔ 3D-MAIN-CAMERA-002 uses a low-FOV oblique perspective while gameplay stays on one plane (0.1765ms)
✔ 3D-MAIN-CAMERA-003 reduces portrait camera lead so the startup knife remains inside the viewport (0.067583ms)
✔ 3D-CUT-FALL-010 simulation floor and rendered ground share the same top plane (0.048375ms)
✔ 3D-MAIN-KNIFE-003 maps the deterministic player pose to a thick 3D rig transform (5.76975ms)
✔ A-BASECOLOR-003 presentation deterministically covers crate, log and crystal skins without changing collision kinds (0.619834ms)
✔ dessert level cuttables use a dessert skin in intact and cut phases (0.414542ms)
✔ cut half meshes use one-sided silhouettes and cropped dessert icing for each authored skin (7.94075ms)
✔ runtime cut facts expose skin identity and falling-to-landed lifecycle (3.808875ms)
✔ A-CUT-FEEL-007 sigil halves ease apart, arc briefly, then settle below the cut line (0.12825ms)
✔ 3D-MAIN-CUT-004 creates one idempotent capped half pair for a real cut event (0.703292ms)
✔ 3D-MAIN-CAP-005 both cap normals remain visible from the oblique camera (0.151791ms)
✔ 3D-MAIN-STRUCTURE-006 preserves per-segment identity and maps fragment separation into depth (1.379833ms)
✔ 3D-MAIN-CAP-NORMAL-009 reports each cap actual transformed world normal (5.187875ms)
✔ 3D-MAIN-PERF-007 reports release-frame thresholds without hiding long frames (0.344208ms)
ℹ tests 186
ℹ suites 0
ℹ pass 186
ℹ fail 0
ℹ cancelled 0
ℹ skipped 0
ℹ todo 0
ℹ duration_ms 1372.158
