$ tsx --test tests/*.test.ts
✔ A-BASECOLOR-001 four original A-direction PNG atlases are square, mobile-budgeted and unique (18.35425ms)
✔ A-BASECOLOR-002 strict production manifest maps the four atlases to real UV quadrants (104.124167ms)
✔ ASSET-MANIFEST-001 validates and hashes every approved local Kenney Food Kit asset (11.136875ms)
✔ build is a self-contained single-canvas Three.js playable page (51.315625ms)
✔ 3D-MAIN-RELEASE-008 emits one parseable literal inline module without HTML injected into JavaScript (43.510959ms)
✔ CORE-DECISION-001 early levels expose three distinct authored decision beats (0.616541ms)
✔ CORE-CUT-ROUTE-002 cutting authored route blocks changes support reachability (0.964458ms)
✔ CORE-FINISH-004 route preparation is carried into finish selection (0.160875ms)
✔ 3D POC build contains the local scene, renderer bridge and pinned GLB assets (10.059292ms)
✔ diorama skin is original, mobile-budgeted and covers every visible surface family (1.005833ms)
✔ A-BASECOLOR-POC-004 the UV cut POC consumes the same formal bitmap atlases instead of procedural target textures (27.78125ms)
✔ selected curved blade and feedback profile read as a fast sharp cut (0.1535ms)
✔ quantizes arbitrary cuts into eight stable directions (0.118208ms)
✔ every supported target creates two capped pieces that separate in depth (0.876125ms)
✔ cut halves launch outward, leave the platform edges and settle on the ground (6.946375ms)
✔ cut direction and contact point shape each half trajectory and spin (0.207292ms)
✔ falling-piece presentation preserves the authored cut twist at impact (0.118333ms)
✔ cut halves have a readable weighted arc instead of an explosive sideways launch (0.103833ms)
✔ falling-piece integration is fixed-step and matches explicit 60 Hz stepping (0.238333ms)
✔ oblique orthographic camera exposes thickness and the cut cap (0.093125ms)
✔ online Kenney GLB assets and bundled license remain hash pinned (4.481958ms)
✔ selected online sword and local Three.js Draco decoder remain hash pinned (3.493292ms)
✔ 3D POC page declares the isolated cut-cross-section entrypoint (3.387208ms)
✔ one action cuts and the next action advances through all three targets (0.564125ms)
✔ FOOD-THEME-RED-001 locks level families to one food theme without cross-theme mixing (1.265125ms)
✔ FOOD-THEME-RED-002 runtime course carries authored style ids to every cuttable object (0.608417ms)
✔ FOOD-THEME-RED-003 authored lengths increase world distance, not only timer labels (0.095333ms)
✔ FOOD-THEME-RED-004 dessert presentation uses a cake-slice profile, not circular sigil geometry (35.967833ms)
✔ bonus hard surfaces occupy reachable mid-lane windows (1.142959ms)
✔ ordinary hard surfaces register a deliberate near-edge body contact (3.133459ms)
✔ COURSE-STAGE-001 three original stages are contiguous and rise from teach to test (0.8025ms)
✔ COURSE-STAGE-002 runtime course segments are derived from the independent blueprint (0.453667ms)
✔ TRACE-001 every locked mechanic points to executable regression evidence (12.053667ms)
✔ FEEDBACK-TIMING-001 timing baseline is responsive and ordered for one-touch play (0.246584ms)
✔ same seed creates the same paced original course and a different seed varies targets (1.666875ms)
✔ ready waits safely and one flip immediately launches upward forward and rotating (11.756291ms)
✔ seed 31 one real opening edge cuts before danger and reaches a recoverable contact inside three seconds (86.631041ms)
✔ the first white support teaches sharp anchor and blunt bounce through two simple timing branches (43.567708ms)
✔ the opening blunt-bounce branch tolerates a broad second-tap window (24.714792ms)
✔ INPUT-EDGE-001 input emits one flip edge for a long or repeated press (0.1725ms)
✔ INPUT-BUFFER-002 a slightly early airborne tap executes when flip cooldown ends (1.731875ms)
✔ different mid-air flip timing produces a visibly different predicted landing path (18.202958ms)
✔ only sharp-edge sweep cuts and blunt-side overlap never counts (4.965416ms)
✔ sigil body-only overlap never cuts and sharp contact is separated at the hit plane (0.439291ms)
✔ blunt-side collision with a neutral support bounces and a subsequent flip saves it (0.875167ms)
✔ hard-surface recovery never launches the knife beyond the readable course speed budget (0.541625ms)
✔ released structural blocks fall with gravity, collide with the floor, and settle instead of tunneling through it (6.051291ms)
✔ sharp-edge support contact anchors and one tap deliberately relaunches (0.268792ms)
✔ magenta spike and abyss emit distinct fatal reasons and events (0.283333ms)
✔ terminal one tap immediately replays the same deterministic ordinary level (0.121417ms)
✔ Level 1 teaches supported cuts before interactive stacks, hazard pressure and original finish choice (0.147041ms)
✔ CHOKE-REACTION-005 hard-column exit leaves a reaction cycle and two visible routes (0.091375ms)
✔ COURSE-NO-ORACLE-006 global-height policies pass the choke without obstacle coordinates (475.62425ms)
✔ NATURAL-CHOKE-007 low global input escapes a vertical surface without repeated no-progress rebounds (45.361416ms)
✔ NATURAL-CHOKE-008 independent input cadence does not repeat three no-progress impacts on one body (43.067958ms)
✔ a deliberately extreme high-line rhythm still reaches visible magenta pressure before ten seconds (16.173959ms)
✔ visible-state play produces its first self-attributed cut inside five seconds (1.202416ms)
✔ successive actual collectible contacts multiply each target value by the live combo (0.624958ms)
✔ TABLETOP-GRAVITY-001 supported Level 1 items rest on their surface and fall after support loss (0.328459ms)
✔ a visible-state policy finishes the ordinary route through the wider safe gate in 12-25 seconds (45.184959ms)
✔ a visible-state policy can choose the narrow rich gate and enter dense one-chance bonus (45.403875ms)
✔ finish wall contact settles a lane before the knife crosses the wall plane (0.25675ms)
✔ late inputs aimed at the current safe/bonus lanes preserve both complete outcomes (93.902875ms)
✔ bonus failure returns to the same deterministic ordinary level (0.301458ms)
✔ bonus success returns to terminal summary then replays the same ordinary level (0.16125ms)
✔ 30 60 and 120 Hz render cadence converge on the same fixed-step state (3.09475ms)
✔ a 420ms low frame preserves elapsed time and converges with split frames (1.121416ms)
✔ a 1.394s main-thread stall catches up without losing simulation time (10.095583ms)
✔ ACTION-FEEL fragments inherit cut contact and settle with damping (1.842125ms)
✔ CUT-SIGIL-FALL-011 cut sigil halves descend to the simulation floor and settle (2.18975ms)
✔ experience chain records cut earnings in a persistent run ledger (0.340958ms)
✔ finish reward reveal precedes terminal win and settles the selected wall lane (0.285125ms)
✔ LEVEL-CATALOG-RED-001 catalog strictly validates twelve sequential original levels (2.95975ms)
✔ LEVEL-CATALOG-RED-002 every level has a distinct authored relationship and a completable structural path (0.34975ms)
✔ LEVEL-CATALOG-RED-003 recommended progression maps teach, movement, chains and synthesis to 1-3, 4-6, 7-9 and 10-12 (0.117292ms)
✔ LEVEL-CATALOG-RED-004 courses are deterministic per seed and level while Level 1 preserves the accepted demo fixtures (8.508334ms)
✔ LEVEL-CATALOG-RED-006 Level 1 presents an original vertical cut-chain with a readable side reward beat (0.550958ms)
✔ LEVEL-CATALOG-RED-007 Level 1 preserves teaching targets then real stacked support interactions (0.241ms)
✔ LEVEL-CATALOG-RED-008 Level 1 tabletop items are supported and include intentional overlap (10.578083ms)
✔ LEVEL-CATALOG-RED-009 Level 1 presentation contract has a bright runway and fruit-like target cadence (0.157208ms)
✔ LEVEL-CATALOG-RED-010 Level 1 tabletop bases terminate at the shared ground plane (0.123708ms)
✔ LEVEL-CATALOG-RED-005 same seed and input produce the same core trace across theme replacement (75.321958ms)
✔ later levels make hazards move while early levels keep a readable fixed hazard (0.103042ms)
✔ later levels expose moving hard blocks with increasing density (0.928667ms)
✔ every moving object has an authored interaction meaning and reachable route role (0.256333ms)
✔ course beats and finish rewards vary across archetypes (0.883042ms)
✔ bonus availability is deterministic for the same level and seed (0.459875ms)
✔ finish rewards form a contiguous multiplier wall with a broad x0.5 recovery lane (0.278666ms)
✔ level 4 keeps a recoverable finish landing window after moving-hard pressure (0.180542ms)
✔ level 1 keeps a broad mid-course recovery shelf for the default natural route (0.240833ms)
✔ LEVEL-PROGRESS-RED-001 completion unlocks only the next level and records neutral best results (2.210792ms)
✔ LEVEL-PROGRESS-RED-002 locked selection is refused, next level is ordered, and replay keeps the same level (0.824125ms)
✔ LEVEL-PROGRESS-RED-003 version 1 save migrates, clamps bounds and rejects corrupt or future data (0.995333ms)
✔ LEVEL-PROGRESS-RED-004 refresh restores highest unlocked level without cross-level failure leakage (1.592417ms)
✔ LEVEL-PROGRESS-005 all twelve levels enter, complete, replay deterministically and unlock in order (0.859667ms)
✔ LEVEL-PROGRESS-006 bonus entry is an explicit one-shot transition (11.482333ms)
✔ LEVEL-PROGRESS-007 bonus course has multiplier settlement and a capped chain gate (0.267416ms)
✔ LEVEL-PROGRESS-008 bonus high columns are active reachable hard supports (0.128625ms)
✔ LEVEL-UI-RED-001 placeholder shell exposes numbered selector, replay and next controls without final art decisions (28.275ms)
✔ LEVEL-UI-RED-002 Level 1 guidance stages the observed tutorial beats without copying reference wording (0.207791ms)
✔ L1-STACK a: actual knife contact cuts the bearing object and releases the overlapping upper object (5.834375ms)
✔ L1-STACK b: actual knife contact cuts the bearing object and releases the overlapping upper object (2.369084ms)
✔ L1-GRAVITY active airborne play does not freeze a hovering supported collectible (3.357083ms)
✔ L1-FINISH labels use viewport coordinates without a second offset (21.391083ms)
✔ L1-FINISH all band corners fit the safe viewport on approach at 390x844 (2.708291ms)
✔ L1-FINISH all band corners fit the safe viewport on approach at 1100x720 (1.462167ms)
✔ Level 10 falling-risk spike stays on the low route and leaves the high line readable (0.41925ms)
✔ Level 12 floor-risk spike stays below the main route and leaves a readable upper escape (0.428542ms)
✔ Level 12 authors a final recovery shelf before the finish gate (0.094833ms)
✔ Level 04 authors a safe recovery support before l4-gap-risk (0.564125ms)
✔ Level 04 keeps the spike window narrow enough to leave a visible high-line escape (0.083958ms)
✔ Level 04 authors an early recovery shelf before the moving ferry (0.067875ms)
✔ Level 10 falling-risk spike starts after the tower exit decision window (0.055334ms)
✔ Level 04 keeps a final recovery shelf under the finish approach (0.066833ms)
✔ Level 04 finish recovery keeps a late low miss from failing before gate settlement (1.804583ms)
✔ Level 04 safe-height policy avoids l4-gap-risk and reaches terminal win (150.423292ms)
✔ Level 04 risk-height policy keeps l4-gap-risk as a readable avoidable hazard (106.878ms)
✔ CONTACT-001 classifies tip, edge, body and handle as four deterministic knife parts (1.222625ms)
✔ CONTACT-002 only tip or edge contact cuts a rectangular target and it scores once (5.93275ms)
✔ MOV-001 moving support positions are seeded, bounded and frame-split deterministic (36.534375ms)
✔ MOV-002 MOV-003 an anchored knife rides a moving support and inherits its velocity at launch (4.633042ms)
✔ HARD-IDENTITY-001 course has no dedicated rebound identity (2.46525ms)
✔ HARD-REFLECT-002 ordinary static, vertical, moving and block surfaces share incident reflection (1.296875ms)
✔ HARD-SEPARATING-003 separating overlap only depenetrates without minimum-speed injection (1.964042ms)
✔ SHARP-STABLE-004 sharp semantics stay stable after a generic hard-surface bounce (6.515ms)
✔ CUT-001 CUT-002 course exposes above, side and below rectangular cuts with no invisible post-cut collider (5.430375ms)
✔ CUT-003 a high-speed sharp sweep cuts the same block at 30 and 120 Hz (14.453ms)
✔ STRUCT-001 STRUCT-002 cutting the middle tower segment opens a gap, drops dependants and separates two fragments (4.130666ms)
✔ DUAL-001 DUAL-002 a dual-role block supports before cutting and its landing face disappears after cutting (0.208208ms)
✔ DUAL-001-PRECUT-SUPPORT-NOT-REPRODUCIBLE real input has stable support and cut branches (5.69725ms)
✔ FINISH-001 FINISH-002 math operations are integer-safe and deterministic (0.100375ms)
✔ FINISH-003 course has two original multipliers and one divisor, and a gate settles only once (0.218875ms)
✔ BONUS-001 BONUS-002 bonus availability is seeded and one-chance terminal restart preserves the level seed (1.031208ms)
✔ COURSE-001 COURSE-002 COURSE-003 route data covers three spatial cuts, both moving axes, hard terrain, collapse, spike and gaps (0.609042ms)
✔ FAIL-001 FAIL-002 fall and spike are distinct and restart restores motion phase, structure, fragments and score (1.100833ms)
✔ FIXED-001 moving supports, collision events, fragments and collapse converge across frame cadences and a long frame (9.783458ms)
✔ L1-OPENING-TABLE-BRANCH opening-table-a joins its underside to the actual floor (2.696709ms)
✔ L1-OPENING-TABLE-BRANCH opening-table-b joins its underside to the actual floor (0.485791ms)
✔ L1-OPENING-TABLE-BRANCH level1-reward-shelf joins its underside to the actual floor (0.340292ms)
✔ L1-OPENING-TABLE-BRANCH bridge-table joins its underside to the actual floor (0.335958ms)
✔ L1-OPENING-TABLE-BRANCH lift-table joins its underside to the actual floor (0.338209ms)
✔ L1-OPENING-TABLE-BRANCH tower-table joins its underside to the actual floor (0.33275ms)
✔ L1-OPENING-TABLE-BRANCH late-table joins its underside to the actual floor (0.344417ms)
✔ L1-FIRST-TARGET-VISIBILITY rune-1 intact submits triangles at 390x844 (19.193458ms)
✔ L1-FIRST-TARGET-VISIBILITY rune-1 intact submits triangles at 1100x720 (2.185958ms)
✔ level 3 interactive objects declare reachable route roles and decision impact (0.503875ms)
✔ level 3 low-risk spike is explicit decorative art when not a fair hazard (0.082708ms)
✔ level 3 has no decorative spike rendered as a gameplay hazard (0.05475ms)
✔ all authored spikes carry explicit pressure semantics (0.075875ms)
✔ all twelve levels place hard objects inside a declared reachable decision corridor (0.183667ms)
✔ all authored white supports are floor-valid, route-reachable, and player-effective (4.094666ms)
✔ perceptual pressure HUD exposes authored family, moving-hard warning and finish reward (0.47125ms)
✔ perceptual delta requires a distinct earnings hierarchy and finish-phase presentation hooks (0.858834ms)
✔ competitive feel keeps five cut feedback layers and finish wall as visual lead (0.111542ms)
✔ terminal settlement keeps the selected finish wall visible beside the overlay (0.174292ms)
✔ finish wall labels are projected onto the world wall instead of detached HUD rail (0.153291ms)
✔ cut rewards fly from the world object before global settlement (0.067417ms)
✔ food theme is player-visible and follows the current level (0.633958ms)
✔ A-KNIFE-UV-006 a single-material blade GLB routes its declared long-axis end to the handle atlas (0.4115ms)
✔ later authored spikes sit in the declared route pressure corridor (0.5685ms)
✔ fundamentals spikes retain their accepted teaching semantics (0.106292ms)
✔ bonus and safe finish gates do not overlap in the bonus-enabled levels (0.109791ms)
✔ finish recovery shelves stay below the selectable reward lanes (0.078834ms)
✔ grounded supports terminate at the simulation floor instead of intersecting it (0.086083ms)
✔ moving route spikes keep their motion inside a readable timing band (0.072375ms)
✔ THEME-BOUNDARY-001 mechanics demo theme is explicitly temporary and contains no gameplay rules (0.652584ms)
✔ THEME-ASSET-002 placeholder asset manifest is original, local and externally swappable (0.459125ms)
✔ THEME-ZOD-004 production schemas strictly parse the theme and asset manifest (1.038708ms)
✔ THEME-INTEGRATION-003 UI and Three.js presentation consume the single theme entrypoint (7.707834ms)
✔ A-STYLE-WORLD-005 presentation tokens provide a bright sky and green outdoor ground behind the A atlases (0.263542ms)
✔ 3D-MAIN-RESOURCE-001 declares only original programmatic runtime resources (0.996208ms)
✔ 3D-MAIN-CAMERA-002 uses a low-FOV oblique perspective while gameplay stays on one plane (0.188458ms)
✔ 3D-MAIN-CAMERA-003 reduces portrait camera lead so the startup knife remains inside the viewport (0.058958ms)
✔ 3D-CUT-FALL-010 simulation floor and rendered ground share the same top plane (0.044667ms)
✔ 3D-MAIN-KNIFE-003 maps the deterministic player pose to a thick 3D rig transform (6.210458ms)
✔ A-BASECOLOR-003 presentation deterministically covers crate, log and crystal skins without changing collision kinds (0.659666ms)
✔ dessert level cuttables use a dessert skin in intact and cut phases (0.469167ms)
✔ cut half meshes use one-sided silhouettes and cropped dessert icing for each authored skin (8.42825ms)
✔ runtime cut facts expose skin identity and falling-to-landed lifecycle (3.981292ms)
✔ A-CUT-FEEL-007 sigil halves ease apart, arc briefly, then settle below the cut line (0.129875ms)
✔ 3D-MAIN-CUT-004 creates one idempotent capped half pair for a real cut event (0.6965ms)
✔ 3D-MAIN-CAP-005 both cap normals remain visible from the oblique camera (0.097875ms)
✔ 3D-MAIN-STRUCTURE-006 preserves per-segment identity and maps fragment separation into depth (1.72125ms)
✔ 3D-MAIN-CAP-NORMAL-009 reports each cap actual transformed world normal (5.285459ms)
✔ 3D-MAIN-PERF-007 reports release-frame thresholds without hiding long frames (0.34625ms)
ℹ tests 185
ℹ suites 0
ℹ pass 185
ℹ fail 0
ℹ cancelled 0
ℹ skipped 0
ℹ todo 0
ℹ duration_ms 1590.502666
