$ tsx --test tests/*.test.ts
✔ A-BASECOLOR-001 four original A-direction PNG atlases are square, mobile-budgeted and unique (42.771125ms)
✔ A-BASECOLOR-002 strict production manifest maps the four atlases to real UV quadrants (81.74975ms)
✔ ASSET-MANIFEST-001 validates and hashes every approved local Kenney Food Kit asset (10.801125ms)
✔ build is a self-contained single-canvas Three.js playable page (47.943833ms)
✔ 3D-MAIN-RELEASE-008 emits one parseable literal inline module without HTML injected into JavaScript (77.891333ms)
✔ CORE-DECISION-001 early levels expose three distinct authored decision beats (0.515417ms)
✔ CORE-CUT-ROUTE-002 cutting authored route blocks changes support reachability (3.262458ms)
✔ CORE-FINISH-004 route preparation is carried into finish selection (0.201417ms)
✔ 3D POC build contains the local scene, renderer bridge and pinned GLB assets (36.4085ms)
✔ diorama skin is original, mobile-budgeted and covers every visible surface family (2.310875ms)
✔ A-BASECOLOR-POC-004 the UV cut POC consumes the same formal bitmap atlases instead of procedural target textures (16.982ms)
✔ selected curved blade and feedback profile read as a fast sharp cut (1.220709ms)
✔ quantizes arbitrary cuts into eight stable directions (0.168333ms)
✔ every supported target creates two capped pieces that separate in depth (0.255042ms)
✔ cut halves launch outward, leave the platform edges and settle on the ground (1.341625ms)
✔ cut direction and contact point shape each half trajectory and spin (0.173209ms)
✔ falling-piece presentation preserves the authored cut twist at impact (0.11925ms)
✔ cut halves have a readable weighted arc instead of an explosive sideways launch (0.098917ms)
✔ falling-piece integration is fixed-step and matches explicit 60 Hz stepping (0.235208ms)
✔ oblique orthographic camera exposes thickness and the cut cap (0.088833ms)
✔ online Kenney GLB assets and bundled license remain hash pinned (13.39475ms)
✔ selected online sword and local Three.js Draco decoder remain hash pinned (10.199208ms)
✔ 3D POC page declares the isolated cut-cross-section entrypoint (3.630542ms)
✔ one action cuts and the next action advances through all three targets (0.531959ms)
✔ FOOD-THEME-RED-001 locks level families to one food theme without cross-theme mixing (0.787583ms)
✔ FOOD-THEME-RED-002 runtime course carries authored style ids to every cuttable object (0.590792ms)
✔ FOOD-THEME-RED-003 authored lengths increase world distance, not only timer labels (0.08525ms)
✔ FOOD-THEME-RED-004 dessert presentation uses a cake-slice profile, not circular sigil geometry (7.472292ms)
✔ bonus hard surfaces occupy reachable mid-lane windows (1.047375ms)
✔ ordinary hard surfaces register a deliberate near-edge body contact (47.150625ms)
✔ COURSE-STAGE-001 three original stages are contiguous and rise from teach to test (2.342083ms)
✔ COURSE-STAGE-002 runtime course segments are derived from the independent blueprint (34.634375ms)
✔ TRACE-001 every locked mechanic points to executable regression evidence (21.026459ms)
✔ FEEDBACK-TIMING-001 timing baseline is responsive and ordered for one-touch play (0.450041ms)
✔ same seed creates the same paced original course and a different seed varies targets (1.618916ms)
✔ ready waits safely and one flip immediately launches upward forward and rotating (15.0935ms)
✔ seed 31 one real opening edge cuts before danger and reaches a recoverable contact inside three seconds (53.673042ms)
✔ the first white support teaches sharp anchor and blunt bounce through two simple timing branches (15.032542ms)
✔ the opening blunt-bounce branch tolerates a broad second-tap window (38.618708ms)
✔ INPUT-EDGE-001 input emits one flip edge for a long or repeated press (0.323667ms)
✔ INPUT-BUFFER-002 a slightly early airborne tap executes when flip cooldown ends (0.6065ms)
✔ different mid-air flip timing produces a visibly different predicted landing path (10.1935ms)
✔ only sharp-edge sweep cuts and blunt-side overlap never counts (3.789125ms)
✔ sigil body-only overlap never cuts and sharp contact is separated at the hit plane (0.709875ms)
✔ blunt-side collision with a neutral support bounces and a subsequent flip saves it (1.66225ms)
✔ hard-surface recovery never launches the knife beyond the readable course speed budget (0.541333ms)
✔ released structural blocks fall with gravity, collide with the floor, and settle instead of tunneling through it (8.979ms)
✔ sharp-edge support contact anchors and one tap deliberately relaunches (0.525167ms)
✔ magenta spike and abyss emit distinct fatal reasons and events (1.182458ms)
✔ terminal one tap immediately replays the same deterministic ordinary level (0.33275ms)
✔ Level 1 teaches supported cuts before interactive stacks, hazard pressure and original finish choice (0.19175ms)
✔ CHOKE-REACTION-005 hard-column exit leaves a reaction cycle and two visible routes (0.10725ms)
✔ COURSE-NO-ORACLE-006 global-height policies pass the choke without obstacle coordinates (384.701042ms)
✔ NATURAL-CHOKE-007 low global input escapes a vertical surface without repeated no-progress rebounds (43.052875ms)
✔ NATURAL-CHOKE-008 independent input cadence does not repeat three no-progress impacts on one body (38.391875ms)
✔ a deliberately extreme high-line rhythm still reaches visible magenta pressure before ten seconds (15.134167ms)
✔ visible-state play produces its first self-attributed cut inside five seconds (1.164083ms)
✔ successive actual collectible contacts multiply each target value by the live combo (0.321875ms)
✔ TABLETOP-GRAVITY-001 supported Level 1 items rest on their surface and fall after support loss (0.280042ms)
✔ a visible-state policy finishes the ordinary route through the wider safe gate in 12-25 seconds (39.183416ms)
✔ a visible-state policy can choose the narrow rich gate and enter dense one-chance bonus (41.6065ms)
✔ finish wall contact settles a lane before the knife crosses the wall plane (0.381584ms)
✔ late inputs aimed at the current safe/bonus lanes preserve both complete outcomes (90.959708ms)
✔ bonus failure returns to the same deterministic ordinary level (0.260042ms)
✔ bonus success returns to terminal summary then replays the same ordinary level (0.191417ms)
✔ 30 60 and 120 Hz render cadence converge on the same fixed-step state (3.090375ms)
✔ a 420ms low frame preserves elapsed time and converges with split frames (1.36025ms)
✔ a 1.394s main-thread stall catches up without losing simulation time (9.698375ms)
✔ ACTION-FEEL fragments inherit cut contact and settle with damping (2.092083ms)
✔ CUT-SIGIL-FALL-011 cut sigil halves descend to the simulation floor and settle (2.029041ms)
✔ experience chain records cut earnings in a persistent run ledger (0.175459ms)
✔ finish reward reveal precedes terminal win and settles the selected wall lane (0.282167ms)
✔ LEVEL-CATALOG-RED-001 catalog strictly validates twelve sequential original levels (23.70525ms)
✔ LEVEL-CATALOG-RED-002 every level has a distinct authored relationship and a completable structural path (0.381708ms)
✔ LEVEL-CATALOG-RED-003 recommended progression maps teach, movement, chains and synthesis to 1-3, 4-6, 7-9 and 10-12 (0.124417ms)
✔ LEVEL-CATALOG-RED-004 courses are deterministic per seed and level while Level 1 preserves the accepted demo fixtures (4.913333ms)
✔ LEVEL-CATALOG-RED-006 Level 1 presents an original vertical cut-chain with a readable side reward beat (0.13825ms)
✔ LEVEL-CATALOG-RED-007 Level 1 preserves teaching targets then real stacked support interactions (0.209584ms)
✔ LEVEL-CATALOG-RED-008 Level 1 tabletop items are supported and include intentional overlap (0.226ms)
✔ LEVEL-CATALOG-RED-009 Level 1 presentation contract has a bright runway and fruit-like target cadence (0.08575ms)
✔ LEVEL-CATALOG-RED-010 Level 1 tabletop bases terminate at the shared ground plane (0.099791ms)
✔ LEVEL-CATALOG-RED-005 same seed and input produce the same core trace across theme replacement (44.300542ms)
✔ later levels make hazards move while early levels keep a readable fixed hazard (0.133542ms)
✔ later levels expose moving hard blocks with increasing density (0.883791ms)
✔ every moving object has an authored interaction meaning and reachable route role (0.15875ms)
✔ course beats and finish rewards vary across archetypes (0.125375ms)
✔ bonus availability is deterministic for the same level and seed (0.159125ms)
✔ finish rewards form a contiguous multiplier wall with a broad x0.5 recovery lane (0.113ms)
✔ level 4 keeps a recoverable finish landing window after moving-hard pressure (0.0835ms)
✔ level 1 keeps a broad mid-course recovery shelf for the default natural route (0.068791ms)
✔ LEVEL-PROGRESS-RED-001 completion unlocks only the next level and records neutral best results (2.502584ms)
✔ LEVEL-PROGRESS-RED-002 locked selection is refused, next level is ordered, and replay keeps the same level (0.904041ms)
✔ LEVEL-PROGRESS-RED-003 version 1 save migrates, clamps bounds and rejects corrupt or future data (1.068542ms)
✔ LEVEL-PROGRESS-RED-004 refresh restores highest unlocked level without cross-level failure leakage (1.632834ms)
✔ LEVEL-PROGRESS-005 all twelve levels enter, complete, replay deterministically and unlock in order (7.936ms)
✔ LEVEL-PROGRESS-006 bonus entry is an explicit one-shot transition (26.112625ms)
✔ LEVEL-PROGRESS-007 bonus course has multiplier settlement and a capped chain gate (1.170417ms)
✔ LEVEL-PROGRESS-008 bonus high columns are active reachable hard supports (0.169916ms)
✔ LEVEL-UI-RED-001 placeholder shell exposes numbered selector, replay and next controls without final art decisions (6.097042ms)
✔ LEVEL-UI-RED-002 Level 1 guidance stages the observed tutorial beats without copying reference wording (0.219875ms)
✔ L1-STACK a: actual knife contact cuts the bearing object and releases the overlapping upper object (20.797459ms)
✔ L1-STACK b: actual knife contact cuts the bearing object and releases the overlapping upper object (2.303083ms)
✔ L1-GRAVITY active airborne play does not freeze a hovering supported collectible (14.223292ms)
✔ L1-REWARD separation precedes local feedback, which precedes cumulative display; replay clears pending rewards (3.543208ms)
✔ L1-PLACEMENT every initial collectible has a touching support, including the late and bridge targets (0.223ms)
✔ L1-FINISH labels use viewport coordinates without a second offset (0.361792ms)
✔ L1-FINISH all band corners fit the safe viewport on approach at 390x844 (1.129125ms)
✔ L1-FINISH all band corners fit the safe viewport on approach at 1100x720 (0.220333ms)
✔ Level 10 falling-risk spike stays on the low route and leaves the high line readable (0.443875ms)
✔ Level 12 floor-risk spike stays below the main route and leaves a readable upper escape (0.433667ms)
✔ Level 12 authors a final recovery shelf before the finish gate (0.110917ms)
✔ Level 04 authors a safe recovery support before l4-gap-risk (0.585666ms)
✔ Level 04 keeps the spike window narrow enough to leave a visible high-line escape (0.093541ms)
✔ Level 04 authors an early recovery shelf before the moving ferry (0.071291ms)
✔ Level 10 falling-risk spike starts after the tower exit decision window (0.06425ms)
✔ Level 04 keeps a final recovery shelf under the finish approach (0.068542ms)
✔ Level 04 finish recovery keeps a late low miss from failing before gate settlement (1.756292ms)
✔ Level 04 safe-height policy avoids l4-gap-risk and reaches terminal win (145.783584ms)
✔ Level 04 risk-height policy keeps l4-gap-risk as a readable avoidable hazard (25.022667ms)
✔ CONTACT-001 classifies tip, edge, body and handle as four deterministic knife parts (0.740292ms)
✔ CONTACT-002 only tip or edge contact cuts a rectangular target and it scores once (6.040833ms)
✔ MOV-001 moving support positions are seeded, bounded and frame-split deterministic (3.344458ms)
✔ MOV-002 MOV-003 an anchored knife rides a moving support and inherits its velocity at launch (17.752125ms)
✔ HARD-IDENTITY-001 course has no dedicated rebound identity (7.045208ms)
✔ HARD-REFLECT-002 ordinary static, vertical, moving and block surfaces share incident reflection (1.324541ms)
✔ HARD-SEPARATING-003 separating overlap only depenetrates without minimum-speed injection (0.27475ms)
✔ SHARP-STABLE-004 sharp semantics stay stable after a generic hard-surface bounce (2.426667ms)
✔ CUT-001 CUT-002 course exposes above, side and below rectangular cuts with no invisible post-cut collider (2.716208ms)
✔ CUT-003 a high-speed sharp sweep cuts the same block at 30 and 120 Hz (7.692375ms)
✔ STRUCT-001 STRUCT-002 cutting the middle tower segment opens a gap, drops dependants and separates two fragments (9.155958ms)
✔ DUAL-001 DUAL-002 a dual-role block supports before cutting and its landing face disappears after cutting (0.253208ms)
✔ DUAL-001-PRECUT-SUPPORT-NOT-REPRODUCIBLE real input has stable support and cut branches (30.292125ms)
✔ FINISH-001 FINISH-002 math operations are integer-safe and deterministic (0.121667ms)
✔ FINISH-003 course has two original multipliers and one divisor, and a gate settles only once (0.248792ms)
✔ BONUS-001 BONUS-002 bonus availability is seeded and one-chance terminal restart preserves the level seed (0.830125ms)
✔ COURSE-001 COURSE-002 COURSE-003 route data covers three spatial cuts, both moving axes, hard terrain, collapse, spike and gaps (0.508833ms)
✔ FAIL-001 FAIL-002 fall and spike are distinct and restart restores motion phase, structure, fragments and score (1.750375ms)
✔ FIXED-001 moving supports, collision events, fragments and collapse converge across frame cadences and a long frame (9.660208ms)
✔ L1-OPENING-TABLE-BRANCH opening-table-a joins its underside to the actual floor (3.013209ms)
✔ L1-OPENING-TABLE-BRANCH opening-table-b joins its underside to the actual floor (0.454875ms)
✔ L1-OPENING-TABLE-BRANCH level1-reward-shelf joins its underside to the actual floor (0.354708ms)
✔ L1-OPENING-TABLE-BRANCH bridge-table joins its underside to the actual floor (0.361458ms)
✔ L1-OPENING-TABLE-BRANCH lift-table joins its underside to the actual floor (0.312458ms)
✔ L1-OPENING-TABLE-BRANCH tower-table joins its underside to the actual floor (0.306ms)
✔ L1-OPENING-TABLE-BRANCH late-table joins its underside to the actual floor (0.352375ms)
✔ L1-FIRST-TARGET-VISIBILITY rune-1 intact submits triangles at 390x844 (11.60675ms)
✔ L1-FIRST-TARGET-VISIBILITY rune-1 intact submits triangles at 1100x720 (2.134125ms)
✔ level 3 interactive objects declare reachable route roles and decision impact (0.564083ms)
✔ level 3 low-risk spike is explicit decorative art when not a fair hazard (0.12925ms)
✔ level 3 has no decorative spike rendered as a gameplay hazard (0.074625ms)
✔ all authored spikes carry explicit pressure semantics (0.107458ms)
✔ all twelve levels place hard objects inside a declared reachable decision corridor (0.219834ms)
✔ all authored white supports are floor-valid, route-reachable, and player-effective (3.02575ms)
✔ perceptual pressure HUD exposes authored family, moving-hard warning and finish reward (0.468083ms)
✔ perceptual delta requires a distinct earnings hierarchy and finish-phase presentation hooks (0.25425ms)
✔ competitive feel keeps five cut feedback layers and finish wall as visual lead (0.082625ms)
✔ terminal settlement keeps the selected finish wall visible beside the overlay (0.155667ms)
✔ finish wall labels are projected onto the world wall instead of detached HUD rail (0.148583ms)
✔ cut rewards fly from the world object before global settlement (0.063375ms)
✔ food theme is player-visible and follows the current level (0.060583ms)
✔ A-KNIFE-UV-006 a single-material blade GLB routes its declared long-axis end to the handle atlas (0.419792ms)
✔ later authored spikes sit in the declared route pressure corridor (0.585833ms)
✔ fundamentals spikes retain their accepted teaching semantics (0.1895ms)
✔ bonus and safe finish gates do not overlap in the bonus-enabled levels (0.147875ms)
✔ finish recovery shelves stay below the selectable reward lanes (0.105875ms)
✔ grounded supports terminate at the simulation floor instead of intersecting it (0.100208ms)
✔ moving route spikes keep their motion inside a readable timing band (0.080875ms)
✔ THEME-BOUNDARY-001 mechanics demo theme is explicitly temporary and contains no gameplay rules (0.709458ms)
✔ THEME-ASSET-002 placeholder asset manifest is original, local and externally swappable (0.467666ms)
✔ THEME-ZOD-004 production schemas strictly parse the theme and asset manifest (1.035792ms)
✔ THEME-INTEGRATION-003 UI and Three.js presentation consume the single theme entrypoint (4.952333ms)
✔ A-STYLE-WORLD-005 presentation tokens provide a bright sky and green outdoor ground behind the A atlases (0.187167ms)
✔ 3D-MAIN-RESOURCE-001 declares only original programmatic runtime resources (1.199416ms)
✔ 3D-MAIN-CAMERA-002 uses a low-FOV oblique perspective while gameplay stays on one plane (0.215166ms)
✔ 3D-MAIN-CAMERA-003 reduces portrait camera lead so the startup knife remains inside the viewport (0.070375ms)
✔ 3D-CUT-FALL-010 simulation floor and rendered ground share the same top plane (0.054625ms)
✔ 3D-MAIN-KNIFE-003 maps the deterministic player pose to a thick 3D rig transform (6.190666ms)
✔ A-BASECOLOR-003 presentation deterministically covers crate, log and crystal skins without changing collision kinds (0.639709ms)
✔ dessert level cuttables use a dessert skin in intact and cut phases (0.4655ms)
✔ cut half meshes use one-sided silhouettes and cropped dessert icing for each authored skin (8.39625ms)
✔ runtime cut facts expose skin identity and falling-to-landed lifecycle (4.252583ms)
✔ A-CUT-FEEL-007 sigil halves ease apart, arc briefly, then settle below the cut line (0.210666ms)
✔ 3D-MAIN-CUT-004 creates one idempotent capped half pair for a real cut event (0.69225ms)
✔ 3D-MAIN-CAP-005 both cap normals remain visible from the oblique camera (0.07775ms)
✔ 3D-MAIN-STRUCTURE-006 preserves per-segment identity and maps fragment separation into depth (1.581625ms)
✔ 3D-MAIN-CAP-NORMAL-009 reports each cap actual transformed world normal (5.004209ms)
✔ 3D-MAIN-PERF-007 reports release-frame thresholds without hiding long frames (0.339792ms)
ℹ tests 187
ℹ suites 0
ℹ pass 187
ℹ fail 0
ℹ cancelled 0
ℹ skipped 0
ℹ todo 0
ℹ duration_ms 1348.087958
