✔ L1-STACK a: actual knife contact cuts the bearing object and releases the overlapping upper object (11.047416ms)
✔ L1-STACK-VISUAL-EVIDENCE a: same target stays visible and separates into two halves after cut (2.239958ms)
✔ L1-STACK b: actual knife contact cuts the bearing object and releases the overlapping upper object (3.09725ms)
✔ L1-STACK-VISUAL-EVIDENCE b: same target stays visible and separates into two halves after cut (1.38425ms)
✔ L1-GRAVITY active airborne play does not freeze a hovering supported collectible (2.905292ms)
✔ L1-REWARD intact has zero earnings; a real cut names the separated target and replay clears earnings (3.408458ms)
✔ L1-PLACEMENT every initial collectible has a touching support, including the late and bridge targets (0.493917ms)
✔ L1-RUNWAY visible support stays collidable through the normal forward replay (83.313625ms)
✔ L1-RUNWAY later sharp contact stays airborne while body contact still bounces (3.287375ms)
✔ L1-RUNWAY early approaching top-face tip contact recovers without removing side anchors (0.643917ms)
✔ L1-RUNWAY opening keeps the authored white landing anchor before runway bounce feedback (3.456833ms)
✔ L1-FINISH labels use viewport coordinates without a second offset (0.869208ms)
✔ L1-FINISH all band corners fit the safe viewport on approach at 390x844 (2.611291ms)
✔ L1-FINISH all band corners fit the safe viewport on approach at 1100x720 (0.244292ms)
ℹ tests 14
ℹ suites 0
ℹ pass 14
ℹ fail 0
ℹ cancelled 0
ℹ skipped 0
ℹ todo 0
ℹ duration_ms 617.290209
